// Jest Snapshot v1, https://goo.gl/fbAQLP

exports[`icon render successfully 1`] = `
<svg
  className="steve-icon"
>
  <use
    xlinkHref="#twitter"
  />
</svg>
`;
